// Jest Snapshot v1, https://goo.gl/fbAQLP

exports[`Given Todo Screen should render correctly with todo items 1`] = `
<RCTSafeAreaView
  style={
    {
      "alignItems": "center",
      "backgroundColor": "#FFFFFF",
      "flex": 1,
    }
  }
>
  <View
    onLayout={[Function]}
    style={
      [
        {
          "flex": 1,
          "justifyContent": "space-between",
        },
        {
          "paddingBottom": 0,
        },
      ]
    }
  >
    <RCTScrollView
      contentContainerStyle={
        {
          "flexGrow": 1,
          "paddingBottom": 24,
          "paddingTop": 12,
        }
      }
      data={
        [
          {
            "createdAt": 1689951787844,
            "id": "id",
            "title": "test",
          },
        ]
      }
      getItem={[Function]}
      getItemCount={[Function]}
      keyExtractor={[Function]}
      onContentSizeChange={[Function]}
      onLayout={[Function]}
      onMomentumScrollBegin={[Function]}
      onMomentumScrollEnd={[Function]}
      onScroll={[Function]}
      onScrollBeginDrag={[Function]}
      onScrollEndDrag={[Function]}
      removeClippedSubviews={false}
      renderItem={[Function]}
      scrollEventThrottle={50}
      showsVerticalScrollIndicator={false}
      stickyHeaderIndices={[]}
      viewabilityConfigCallbackPairs={[]}
    >
      <View>
        <View
          onFocusCapture={[Function]}
          onLayout={[Function]}
          style={null}
        >
          <View
            style={
              [
                {
                  "alignItems": "center",
                  "borderColor": "grey",
                  "borderRadius": 8,
                  "borderWidth": 1,
                  "flexDirection": "row",
                  "marginHorizontal": 24,
                  "marginTop": 8,
                  "minHeight": 40,
                  "paddingHorizontal": 24,
                  "paddingTop": 8,
                  "paddingVertical": 8,
                },
                false,
              ]
            }
          >
            <View
              accessibilityState={
                {
                  "busy": undefined,
                  "checked": undefined,
                  "disabled": undefined,
                  "expanded": undefined,
                  "selected": undefined,
                }
              }
              accessibilityValue={
                {
                  "max": undefined,
                  "min": undefined,
                  "now": undefined,
                  "text": undefined,
                }
              }
              accessible={true}
              collapsable={false}
              focusable={true}
              onClick={[Function]}
              onResponderGrant={[Function]}
              onResponderMove={[Function]}
              onResponderRelease={[Function]}
              onResponderTerminate={[Function]}
              onResponderTerminationRequest={[Function]}
              onStartShouldSetResponder={[Function]}
              style={
                {
                  "flex": 1,
                  "opacity": 1,
                }
              }
              testID="todo-item"
            >
              <Text
                style={
                  {
                    "flexWrap": "wrap",
                    "fontSize": 16,
                    "fontWeight": "bold",
                    "paddingHorizontal": 12,
                  }
                }
                testID="item-title"
              >
                test
              </Text>
            </View>
            <View
              accessibilityState={
                {
                  "busy": undefined,
                  "checked": undefined,
                  "disabled": undefined,
                  "expanded": undefined,
                  "selected": undefined,
                }
              }
              accessibilityValue={
                {
                  "max": undefined,
                  "min": undefined,
                  "now": undefined,
                  "text": undefined,
                }
              }
              accessible={true}
              collapsable={false}
              focusable={true}
              onClick={[Function]}
              onResponderGrant={[Function]}
              onResponderMove={[Function]}
              onResponderRelease={[Function]}
              onResponderTerminate={[Function]}
              onResponderTerminationRequest={[Function]}
              onStartShouldSetResponder={[Function]}
              style={
                {
                  "opacity": 1,
                }
              }
              testID="delete-button"
            >
              <Text
                style={
                  {
                    "color": "blue",
                    "fontSize": 16,
                  }
                }
              >
                Delete
              </Text>
            </View>
          </View>
        </View>
      </View>
    </RCTScrollView>
    <View
      style={
        {
          "borderColor": "#DADADA",
          "borderTopWidth": 1,
          "paddingTop": 8,
        }
      }
    >
      <View
        style={
          {
            "alignItems": "center",
            "flexDirection": "row",
            "paddingBottom": 4,
            "paddingHorizontal": 12,
            "width": 750,
          }
        }
      >
        <TextInput
          multiline={true}
          onChangeText={[Function]}
          placeholder="Add new todo"
          style={
            {
              "borderColor": "black",
              "borderWidth": 1,
              "flex": 1,
              "flexShrink": 1,
              "fontSize": 20,
              "fontWeight": "700",
            }
          }
          value=""
        />
        <View
          accessibilityState={
            {
              "busy": undefined,
              "checked": undefined,
              "disabled": undefined,
              "expanded": undefined,
              "selected": undefined,
            }
          }
          accessibilityValue={
            {
              "max": undefined,
              "min": undefined,
              "now": undefined,
              "text": undefined,
            }
          }
          accessible={true}
          collapsable={false}
          focusable={true}
          onClick={[Function]}
          onResponderGrant={[Function]}
          onResponderMove={[Function]}
          onResponderRelease={[Function]}
          onResponderTerminate={[Function]}
          onResponderTerminationRequest={[Function]}
          onStartShouldSetResponder={[Function]}
          style={
            {
              "opacity": 1,
            }
          }
          testID="submit-button"
        >
          <Text
            style={
              {
                "backgroundColor": "#e5e5e5",
                "borderRadius": 8,
                "fontSize": 16,
                "fontWeight": "bold",
                "overflow": "hidden",
                "padding": 12,
              }
            }
          >
            Edit
          </Text>
        </View>
      </View>
    </View>
  </View>
</RCTSafeAreaView>
`;
